       Depends: node-https-proxy-agent but it is not going to be installed
       Depends: node-mkdirp but it is not going to be installed
       Depends: node-ms but it is not going to be installed
       Depends: node-nopt but it is not going to be installed
       Depends: node-normalize-package-data but it is not going to be installed
       Depends: node-npm-package-arg but it is not going to be installed
       Depends: node-npmlog but it is not going to be installed
       Depends: node-read-package-json but it is not going to be installed
       Depends: node-rimraf but it is not going to be installed
       Depends: node-semver but it is not going to be installed
       Depends: node-ssri but it is not going to be installed
       Depends: node-string-width but it is not going to be installed
       Depends: node-strip-ansi but it is not going to be installed
       Depends: node-tar but it is not going to be installed
       Depends: node-validate-npm-package-name but it is not going to be installed
       Depends: node-which but it is not going to be installed
       Depends: node-write-file-atomic but it is not going to be installed
       Depends: nodejs:any (>= 10)
       Recommends: node-tap but it is not going to be installed
E: Unable to correct problems, you have held broken packages.
root@DELRHDERS001P:~# ^C
root@DELRHDERS001P:~# sudo ln -s /usr/bin/npm /opt/nodejs/bin/npm
ln: failed to create symbolic link '/opt/nodejs/bin/npm': No such file or directory
root@DELRHDERS001P:~# sudo apt remove npm -y
Reading package lists... Done
Building dependency tree... Done
Reading state information... Done
Package 'npm' is not installed, so not removed
0 upgraded, 0 newly installed, 0 to remove and 3 not upgraded.
root@DELRHDERS001P:~# sudo apt autoremove -y
Reading package lists... Done
Building dependency tree... Done
Reading state information... Done
0 upgraded, 0 newly installed, 0 to remove and 3 not upgraded.
root@DELRHDERS001P:~# sudo npm install -g npm

removed 14 packages, and changed 100 packages in 8s

25 packages are looking for funding
  run `npm fund` for details
root@DELRHDERS001P:~# npm -v
bash: /opt/nodejs/bin/npm: No such file or directory
root@DELRHDERS001P:~# which npm
/usr/bin/npm
root@DELRHDERS001P:~# cd /usr/bin/npm
bash: cd: /usr/bin/npm: Not a directory
root@DELRHDERS001P:~#
